** EXPERIMENTAL (HLL) ** Open Watcom Linker Version 2.0beta1 Limited Availability
Portions Copyright (c) 1985-2002 Sybase, Inc. All Rights Reserved.
Created on:       24/11/03 11:20:43
Executable Image: vpicdisasm.exe
creating an OS/2 EMX executable


                        +------------+
                        |   Groups   |
                        +------------+

Group                           Address              Size
=====                           =======              ====

CGROUP                          0001:00000000        00003070
DGROUP                          0002:00000000        00001fd0



                        +--------------+
                        |   Segments   |
                        +--------------+

Segment                Class          Group          Address         Size
=======                =====          =====          =======         ====

TEXT32                 CODE           CGROUP         0001:00000000   00003068
________TEXT           CODE           CGROUP         0001:00003070   00000000
DATA32                 DATA           DGROUP         0002:00000000   00001ee0
SET1__os2dll           DATA           DGROUP         0002:00001ee0   00000004
SET2__os2dll           DATA           DGROUP         0002:00001ee4   00000000
SET3__os2dll           DATA           DGROUP         0002:00001ee4   00000004
SET1___CTOR_LIST__     DATA           DGROUP         0002:00001ee8   00000004
SET2___CTOR_LIST__     DATA           DGROUP         0002:00001eec   00000004
SET3___CTOR_LIST__     DATA           DGROUP         0002:00001ef0   00000004
SET1___DTOR_LIST__     DATA           DGROUP         0002:00001ef4   00000004
SET2___DTOR_LIST__     DATA           DGROUP         0002:00001ef8   00000000
SET3___DTOR_LIST__     DATA           DGROUP         0002:00001ef8   00000004
SET1___crtinit1__      DATA           DGROUP         0002:00001efc   00000004
SET2___crtinit1__      DATA           DGROUP         0002:00001f00   00000000
SET3___crtinit1__      DATA           DGROUP         0002:00001f00   00000004
SET1___crtexit1__      DATA           DGROUP         0002:00001f04   00000004
SET2___crtexit1__      DATA           DGROUP         0002:00001f08   00000000
SET3___crtexit1__      DATA           DGROUP         0002:00001f08   00000004
SET1___eh_frame__      DATA           DGROUP         0002:00001f0c   00000004
SET2___eh_frame__      DATA           DGROUP         0002:00001f10   00000008
SET3___eh_frame__      DATA           DGROUP         0002:00001f18   00000004
SET1___eh_init__       DATA           DGROUP         0002:00001f1c   00000004
SET2___eh_init__       DATA           DGROUP         0002:00001f20   00000004
SET3___eh_init__       DATA           DGROUP         0002:00001f24   00000004
SET1___eh_term__       DATA           DGROUP         0002:00001f28   00000004
SET2___eh_term__       DATA           DGROUP         0002:00001f2c   00000004
SET3___eh_term__       DATA           DGROUP         0002:00001f30   00000004
SET1___fork_parent1__  DATA           DGROUP         0002:00001f34   00000004
SET2___fork_parent1__  DATA           DGROUP         0002:00001f38   00000000
SET3___fork_parent1__  DATA           DGROUP         0002:00001f38   00000004
SET1___fork_child1__   DATA           DGROUP         0002:00001f3c   00000004
SET2___fork_child1__   DATA           DGROUP         0002:00001f40   00000000
SET3___fork_child1__   DATA           DGROUP         0002:00001f40   00000004
________DATA           DATA           DGROUP         0002:00001f50   00000000
BSS32                  BSS            DGROUP         0002:00001f50   00000080
c_common               BSS            DGROUP         0002:00001fd0   00000000
________BSS            BSS            DGROUP         0002:00001fd0   00000000
STACK                  STACK          AUTO           0003:00000000   00100000


                        +----------------+
                        |   Memory Map   |
                        +----------------+

* = unreferenced symbol
+ = symbol only referenced locally

Address        Symbol
=======        ======

Module: D:\usr\lib\crt0hiwildresp.obj(D:\Temp\ccPGoCp4.s)
0001:00000000* __text
0002:00000000* __data
0002:00000000* ___data_start
0002:00001f50* ___bss_start
0002:00001ee0+ __os2dll
0002:00001ee8  ___CTOR_LIST__
0002:00001ef4  ___DTOR_LIST__
0002:00001efc* ___crtinit1__
0002:00001f04* ___crtexit1__
0002:00001f0c  ___eh_frame__
0002:00001f1c  ___eh_init__
0002:00001f28  ___eh_term__
0002:00001f34+ ___fork_parent1__
0002:00001f3c+ ___fork_child1__
Module: D:/var/temp\ldconv_ihex_o_8d4a67274e7b13b538.obj(libGIS-1.0.5\ihex.c)
0001:00000070* _New_IHexRecord
0001:00000100  _Read_IHexRecord
0001:00000480* _Write_IHexRecord
0001:00000640* _Print_IHexRecord
0001:00000700* _Checksum_IHexRecord
Module: D:/var/temp\ldconv_srecord_o_8d4a67274e7b140b28.obj(libGIS-1.0.5\srecord.c)
0001:000007c0* _Print_SRecord
0001:00000870* _Checksum_SRecord
0001:000008d0* _New_SRecord
0001:00000930  _Read_SRecord
0001:00000cf0* _Write_SRecord
Module: D:/var/temp\ldconv_pic_instructionset_o_8d4a67274e7b148440.obj(pic_instructionset.c)
0002:00000050  _allInstructionSets
0002:00001830* _instructionSet_Baseline
0002:000012d0* _instructionSet_MidRange
0002:00000af0* _instructionSet_MidRange_Enhanced
0002:00000070* _instructionSet_PIC18
Module: D:/var/temp\ldconv_pic_disasm_o_8d4a67274e7b14de18.obj(pic_disasm.c)
0001:00000e80  _disassembleInstruction
Module: D:/var/temp\ldconv_format_o_8d4a67274e7b153408.obj(format.c)
0001:00001120  _printDisassembledInstruction
Module: D:/var/temp\ldconv_file_o_8d4a67274e7b158de0.obj(file.c)
0001:000018b0* _disassembleAndPrint
0001:00001a00* _finishDisassembly
0001:00001b30  _disassembleIHexFile
0001:00001e70  _disassembleSRecordFile
Module: D:/var/temp\ldconv_ui_o_8d4a67274e7b15eba0.obj(ui.c)
0001:000028c0  _main
0001:000028c0* main
Module: D:\usr\lib\libend.lib(src/libend/386/endlink386.asm)
0002:00001fd0  _end
0002:00001f50  _edata
Module: D:\usr\lib\libend.lib(src/libend/386/end.asm)
0001:00003070* _etext
0001:00003070* __etext
0000:00000000  WEAK$ZERO
0002:00001fd0  __end
0002:00001f50  __edata
Module: D:\usr\lib\gcc\i686-pc-os2-emx\9\libgcc_so_d.lib(__main.obj)
0001:00002f30* ___do_global_dtors
0001:00002f35* ___do_global_ctors
0001:00002f4e  ___main
Module: D:\usr\lib\gcc\i686-pc-os2-emx\9\libgcc_so_d.lib(emx-ctordtor.obj)
0001:00002f80  ___ctordtorInit
0001:00002fb4  ___ctordtorTerm
Module: D:\usr\lib\gcc\i686-pc-os2-emx\9\libgcc_so_d.lib(emx-eh.obj)
0001:00002ff0  ___ehInit
0001:0000302c* ___ehTerm


                        +----------------------+
                        |   Imported Symbols   |
                        +----------------------+

Symbol                              Module
======                              ======

___libc_ForkRegisterModule          libcn0
___init_app                         libcn0
__response                          libcn0
__wildcard                          libcn0
__CRT_init                          libcn0
__atfork_callback                   libcn0
__fmode_bin                         libcn0
___stderrp                          libcn0
___stdoutp                          libcn0
_optarg                             libcn0
_optind                             libcn0
___stdinp                           libcn0
__std_exit                          libcn0
__std_memcpy                        libcn0
__std_fgets                         libcn0
__std_strncpy                       libcn0
__std_strtol                        libcn0
__std_feof                          libcn0
__std_fprintf                       libcn0
__std_printf                        libcn0
__std_puts                          libcn0
__std_snprintf                      libcn0
__std_vsnprintf                     libcn0
__std_malloc                        libcn0
__std_fputc                         libcn0
__std_fputs                         libcn0
__std_free                          libcn0
__std_fwrite                        libcn0
__std_perror                        libcn0
__std_getopt_long                   libcn0
__std_strcmp                        libcn0
__std_fopen                         libcn0
__std_stricmp                       libcn0
__std_fclose                        libcn0
__std_fgetc                         libcn0
__std_ungetc                        libcn0
___ctordtorInit1                    libcn0
___ctordtorTerm1                    libcn0
__std_atexit                        libcn0
___register_frame_table             gcc1
___deregister_frame                 gcc1


                        +--------------------+
                        |   Libraries Used   |
                        +--------------------+

D:\usr\lib\gcc\i686-pc-os2-emx\9\libgcc_so_d.lib
D:\usr\lib\libc_alias.lib
D:\usr\lib\libc_dll.lib
D:\usr\lib\libend.lib


                        +-----------------------+
                        |   Linker Statistics   |
                        +-----------------------+

Stack size:  00100000 (1048576.)
Memory size:  00105040 (1069120.)
Entry point address: 0001:00000000
Link time: 00:00.11
